<!DOCTYPE html PUBLIC "-//W3C//DTD XHTML 1.0 Transitional//EN" "http://www.w3.org/TR/xhtml1/DTD/xhtml1-transitional.dtd">
<html xmlns="http://www.w3.org/1999/xhtml"><head><meta http-equiv="Content-Type" content="text/html; charset=UTF-8">
      
         
            <title>Open_idom Test Text (header)</title>
         
         
         
      
  <style type="text/css">
                    .bold {
                       font-weight: bold;
                    }
                    .italic {
                       font-style: italic;
                    }
                </style></head>
      <body><div>
            <h1>Open_idom Test Text</h1>
            <p>Lorem ipsum dolor sit amet, consectetur adipiscing elit. Integer nec odio. Praesent
               libero. Sed cursus ante dapibus diam. Sed nisi. Nulla quis sem at nibh elementum
               imperdiet. Duis sagittis ipsum. <span class="bold">Lorem ipsum dolor sit amet, consectetur adipiscing
                  elit</span>. Praesent mauris. <span class="bold">Lorem ipsum dolor sit amet, consectetur adipiscing
                  elit</span>. Fusce nec tellus sed augue semper porta. <span class="bold">Lorem ipsum dolor sit amet,
                  consectetur adipiscing elit</span>. Mauris massa. Vestibulum lacinia arcu eget nulla.
               Class aptent taciti sociosqu ad litora torquent per conubia nostra, per inceptos
               himenaeos. </p>            
            <p>Curabitur sodales ligula in libero. Sed dignissim lacinia nunc. Curabitur tortor.
               Pellentesque nibh. Aenean quam. In scelerisque sem at dolor. Maecenas mattis. Sed
               convallis tristique sem. Proin ut ligula vel nunc egestas porttitor. Morbi lectus
               risus, iaculis vel, suscipit quis, luctus non, massa. <span class="bold">Class aptent taciti sociosqu
                  ad litora torquent per conubia nostra, per inceptos himenaeos</span>. Fusce ac turpis
               quis ligula lacinia aliquet. Mauris ipsum. <span class="bold">Curabitur sodales ligula in libero</span>.
               Nulla metus metus, ullamcorper vel, tincidunt sed, euismod in, nibh. </p>            
            <p>Quisque volutpat condimentum velit. Class aptent taciti sociosqu ad litora torquent
               per conubia nostra, per inceptos himenaeos. Nam nec ante. Sed lacinia, urna non
               tincidunt mattis, tortor neque adipiscing diam, a cursus ipsum ante quis turpis.
               Nulla facilisi. Ut fringilla. Suspendisse potenti. <span class="italic">Aenean quam</span>. Nunc feugiat
               mi a tellus consequat imperdiet. Vestibulum sapien. Proin quam. Etiam ultrices.
                  <span class="bold">Nulla metus metus, ullamcorper vel, tincidunt sed, euismod in, nibh</span>.
               Suspendisse in justo eu magna luctus suscipit. </p>
         </div></body>
  </html>
